Archive member included because of file (symbol)

/Users/joni/pebble-dev/pebble-owner-info/lib/libpebble.a(tmpHZgwt9pebble_os.o)
                              src/pebble_owner_info.c.1.o (app_event_loop)

Allocating common symbols
Common symbol       size              file

image               0x44              src/pebble_owner_info.c.1.o
layer_contact_info  0x28              src/pebble_owner_info.c.1.o
layer_company       0x38              src/pebble_owner_info.c.1.o
QR_layer            0x28              src/pebble_owner_info.c.1.o
layer_contact       0x38              src/pebble_owner_info.c.1.o
layer_name          0x38              src/pebble_owner_info.c.1.o
window              0x58              src/pebble_owner_info.c.1.o
layer_button        0x38              src/pebble_owner_info.c.1.o

Discarded input sections

 .text          0x0000000000000000        0x0 /Users/joni/pebble-dev/arm-cs-tools/bin/../lib/gcc/arm-none-eabi/4.6.3/thumb2/crti.o
 .bss           0x0000000000000000        0x0 /Users/joni/pebble-dev/arm-cs-tools/bin/../lib/gcc/arm-none-eabi/4.6.3/thumb2/crti.o
 .init          0x0000000000000000        0x4 /Users/joni/pebble-dev/arm-cs-tools/bin/../lib/gcc/arm-none-eabi/4.6.3/thumb2/crti.o
 .fini          0x0000000000000000        0x4 /Users/joni/pebble-dev/arm-cs-tools/bin/../lib/gcc/arm-none-eabi/4.6.3/thumb2/crti.o
 .text          0x0000000000000000       0x68 /Users/joni/pebble-dev/arm-cs-tools/bin/../lib/gcc/arm-none-eabi/4.6.3/thumb2/crtbegin.o
 .bss           0x0000000000000000       0x1c /Users/joni/pebble-dev/arm-cs-tools/bin/../lib/gcc/arm-none-eabi/4.6.3/thumb2/crtbegin.o
 .init_array    0x0000000000000000        0x4 /Users/joni/pebble-dev/arm-cs-tools/bin/../lib/gcc/arm-none-eabi/4.6.3/thumb2/crtbegin.o
 .fini_array    0x0000000000000000        0x4 /Users/joni/pebble-dev/arm-cs-tools/bin/../lib/gcc/arm-none-eabi/4.6.3/thumb2/crtbegin.o
 .eh_frame      0x0000000000000000        0x0 /Users/joni/pebble-dev/arm-cs-tools/bin/../lib/gcc/arm-none-eabi/4.6.3/thumb2/crtbegin.o
 .jcr           0x0000000000000000        0x0 /Users/joni/pebble-dev/arm-cs-tools/bin/../lib/gcc/arm-none-eabi/4.6.3/thumb2/crtbegin.o
 .text          0x0000000000000000        0x0 src/pebble_owner_info.c.1.o
 .bss           0x0000000000000000        0x0 src/pebble_owner_info.c.1.o
 .bss           0x0000000000000000        0x0 /Users/joni/pebble-dev/pebble-owner-info/lib/libpebble.a(tmpHZgwt9pebble_os.o)
 .text.animation_init
                0x0000000000000000        0xc /Users/joni/pebble-dev/pebble-owner-info/lib/libpebble.a(tmpHZgwt9pebble_os.o)
 .text.animation_set_delay
                0x0000000000000000        0xc /Users/joni/pebble-dev/pebble-owner-info/lib/libpebble.a(tmpHZgwt9pebble_os.o)
 .text.animation_set_duration
                0x0000000000000000        0xc /Users/joni/pebble-dev/pebble-owner-info/lib/libpebble.a(tmpHZgwt9pebble_os.o)
 .text.animation_set_curve
                0x0000000000000000        0xc /Users/joni/pebble-dev/pebble-owner-info/lib/libpebble.a(tmpHZgwt9pebble_os.o)
 .text.animation_set_handlers
                0x0000000000000000        0xc /Users/joni/pebble-dev/pebble-owner-info/lib/libpebble.a(tmpHZgwt9pebble_os.o)
 .text.animation_set_implementation
                0x0000000000000000        0xc /Users/joni/pebble-dev/pebble-owner-info/lib/libpebble.a(tmpHZgwt9pebble_os.o)
 .text.animation_get_context
                0x0000000000000000        0xc /Users/joni/pebble-dev/pebble-owner-info/lib/libpebble.a(tmpHZgwt9pebble_os.o)
 .text.animation_schedule
                0x0000000000000000        0xc /Users/joni/pebble-dev/pebble-owner-info/lib/libpebble.a(tmpHZgwt9pebble_os.o)
 .text.animation_unschedule
                0x0000000000000000        0xc /Users/joni/pebble-dev/pebble-owner-info/lib/libpebble.a(tmpHZgwt9pebble_os.o)
 .text.animation_unschedule_all
                0x0000000000000000        0xc /Users/joni/pebble-dev/pebble-owner-info/lib/libpebble.a(tmpHZgwt9pebble_os.o)
 .text.animation_is_scheduled
                0x0000000000000000        0xc /Users/joni/pebble-dev/pebble-owner-info/lib/libpebble.a(tmpHZgwt9pebble_os.o)
 .text.app_timer_send_event
                0x0000000000000000        0xc /Users/joni/pebble-dev/pebble-owner-info/lib/libpebble.a(tmpHZgwt9pebble_os.o)
 .text.app_timer_cancel_event
                0x0000000000000000        0xc /Users/joni/pebble-dev/pebble-owner-info/lib/libpebble.a(tmpHZgwt9pebble_os.o)
 .text.cos_lookup
                0x0000000000000000        0xc /Users/joni/pebble-dev/pebble-owner-info/lib/libpebble.a(tmpHZgwt9pebble_os.o)
 .text.fonts_load_custom_font
                0x0000000000000000        0xc /Users/joni/pebble-dev/pebble-owner-info/lib/libpebble.a(tmpHZgwt9pebble_os.o)
 .text.fonts_unload_custom_font
                0x0000000000000000        0xc /Users/joni/pebble-dev/pebble-owner-info/lib/libpebble.a(tmpHZgwt9pebble_os.o)
 .text.graphics_context_set_stroke_color
                0x0000000000000000        0xc /Users/joni/pebble-dev/pebble-owner-info/lib/libpebble.a(tmpHZgwt9pebble_os.o)
 .text.graphics_context_set_fill_color
                0x0000000000000000        0xc /Users/joni/pebble-dev/pebble-owner-info/lib/libpebble.a(tmpHZgwt9pebble_os.o)
 .text.graphics_context_set_text_color
                0x0000000000000000        0xc /Users/joni/pebble-dev/pebble-owner-info/lib/libpebble.a(tmpHZgwt9pebble_os.o)
 .text.graphics_context_set_compositing_mode
                0x0000000000000000        0xc /Users/joni/pebble-dev/pebble-owner-info/lib/libpebble.a(tmpHZgwt9pebble_os.o)
 .text.graphics_draw_pixel
                0x0000000000000000        0xc /Users/joni/pebble-dev/pebble-owner-info/lib/libpebble.a(tmpHZgwt9pebble_os.o)
 .text.graphics_draw_line
                0x0000000000000000        0xc /Users/joni/pebble-dev/pebble-owner-info/lib/libpebble.a(tmpHZgwt9pebble_os.o)
 .text.graphics_fill_rect
                0x0000000000000000        0xc /Users/joni/pebble-dev/pebble-owner-info/lib/libpebble.a(tmpHZgwt9pebble_os.o)
 .text.graphics_draw_circle
                0x0000000000000000        0xc /Users/joni/pebble-dev/pebble-owner-info/lib/libpebble.a(tmpHZgwt9pebble_os.o)
 .text.graphics_fill_circle
                0x0000000000000000        0xc /Users/joni/pebble-dev/pebble-owner-info/lib/libpebble.a(tmpHZgwt9pebble_os.o)
 .text.graphics_draw_round_rect
                0x0000000000000000        0xc /Users/joni/pebble-dev/pebble-owner-info/lib/libpebble.a(tmpHZgwt9pebble_os.o)
 .text.get_time
                0x0000000000000000        0xc /Users/joni/pebble-dev/pebble-owner-info/lib/libpebble.a(tmpHZgwt9pebble_os.o)
 .text.gpath_init
                0x0000000000000000        0xc /Users/joni/pebble-dev/pebble-owner-info/lib/libpebble.a(tmpHZgwt9pebble_os.o)
 .text.gpath_move_to
                0x0000000000000000        0xc /Users/joni/pebble-dev/pebble-owner-info/lib/libpebble.a(tmpHZgwt9pebble_os.o)
 .text.gpath_rotate_to
                0x0000000000000000        0xc /Users/joni/pebble-dev/pebble-owner-info/lib/libpebble.a(tmpHZgwt9pebble_os.o)
 .text.gpath_draw_outline
                0x0000000000000000        0xc /Users/joni/pebble-dev/pebble-owner-info/lib/libpebble.a(tmpHZgwt9pebble_os.o)
 .text.gpath_draw_filled
                0x0000000000000000        0xc /Users/joni/pebble-dev/pebble-owner-info/lib/libpebble.a(tmpHZgwt9pebble_os.o)
 .text.grect_center_point
                0x0000000000000000        0xc /Users/joni/pebble-dev/pebble-owner-info/lib/libpebble.a(tmpHZgwt9pebble_os.o)
 .text.layer_mark_dirty
                0x0000000000000000        0xc /Users/joni/pebble-dev/pebble-owner-info/lib/libpebble.a(tmpHZgwt9pebble_os.o)
 .text.layer_remove_from_parent
                0x0000000000000000        0xc /Users/joni/pebble-dev/pebble-owner-info/lib/libpebble.a(tmpHZgwt9pebble_os.o)
 .text.layer_set_frame
                0x0000000000000000        0xc /Users/joni/pebble-dev/pebble-owner-info/lib/libpebble.a(tmpHZgwt9pebble_os.o)
 .text.light_enable
                0x0000000000000000        0xc /Users/joni/pebble-dev/pebble-owner-info/lib/libpebble.a(tmpHZgwt9pebble_os.o)
 .text.light_enable_interaction
                0x0000000000000000        0xc /Users/joni/pebble-dev/pebble-owner-info/lib/libpebble.a(tmpHZgwt9pebble_os.o)
 .text.psleep   0x0000000000000000        0xc /Users/joni/pebble-dev/pebble-owner-info/lib/libpebble.a(tmpHZgwt9pebble_os.o)
 .text.resource_get_handle
                0x0000000000000000        0xc /Users/joni/pebble-dev/pebble-owner-info/lib/libpebble.a(tmpHZgwt9pebble_os.o)
 .text.resource_load
                0x0000000000000000        0xc /Users/joni/pebble-dev/pebble-owner-info/lib/libpebble.a(tmpHZgwt9pebble_os.o)
 .text.resource_load_byte_range
                0x0000000000000000        0xc /Users/joni/pebble-dev/pebble-owner-info/lib/libpebble.a(tmpHZgwt9pebble_os.o)
 .text.resource_size
                0x0000000000000000        0xc /Users/joni/pebble-dev/pebble-owner-info/lib/libpebble.a(tmpHZgwt9pebble_os.o)
 .text.rotbmp_deinit_container
                0x0000000000000000        0xc /Users/joni/pebble-dev/pebble-owner-info/lib/libpebble.a(tmpHZgwt9pebble_os.o)
 .text.rotbmp_init_container
                0x0000000000000000        0xc /Users/joni/pebble-dev/pebble-owner-info/lib/libpebble.a(tmpHZgwt9pebble_os.o)
 .text.rotbmp_pair_deinit_container
                0x0000000000000000        0xc /Users/joni/pebble-dev/pebble-owner-info/lib/libpebble.a(tmpHZgwt9pebble_os.o)
 .text.rotbmp_pair_init_container
                0x0000000000000000        0xc /Users/joni/pebble-dev/pebble-owner-info/lib/libpebble.a(tmpHZgwt9pebble_os.o)
 .text.rotbmp_pair_layer_set_src_ic
                0x0000000000000000        0xc /Users/joni/pebble-dev/pebble-owner-info/lib/libpebble.a(tmpHZgwt9pebble_os.o)
 .text.rotbmp_pair_layer_set_angle
                0x0000000000000000        0xc /Users/joni/pebble-dev/pebble-owner-info/lib/libpebble.a(tmpHZgwt9pebble_os.o)
 .text.window_set_background_color
                0x0000000000000000        0xc /Users/joni/pebble-dev/pebble-owner-info/lib/libpebble.a(tmpHZgwt9pebble_os.o)
 .text.window_render
                0x0000000000000000        0xc /Users/joni/pebble-dev/pebble-owner-info/lib/libpebble.a(tmpHZgwt9pebble_os.o)
 .text.window_set_fullscreen
                0x0000000000000000        0xc /Users/joni/pebble-dev/pebble-owner-info/lib/libpebble.a(tmpHZgwt9pebble_os.o)
 .text.sin_lookup
                0x0000000000000000        0xc /Users/joni/pebble-dev/pebble-owner-info/lib/libpebble.a(tmpHZgwt9pebble_os.o)
 .text.string_format_time
                0x0000000000000000        0xc /Users/joni/pebble-dev/pebble-owner-info/lib/libpebble.a(tmpHZgwt9pebble_os.o)
 .text.text_layer_get_text
                0x0000000000000000        0xc /Users/joni/pebble-dev/pebble-owner-info/lib/libpebble.a(tmpHZgwt9pebble_os.o)
 .text.text_layer_set_text_color
                0x0000000000000000        0xc /Users/joni/pebble-dev/pebble-owner-info/lib/libpebble.a(tmpHZgwt9pebble_os.o)
 .text.text_layer_set_background_color
                0x0000000000000000        0xc /Users/joni/pebble-dev/pebble-owner-info/lib/libpebble.a(tmpHZgwt9pebble_os.o)
 .text.vibes_double_pulse
                0x0000000000000000        0xc /Users/joni/pebble-dev/pebble-owner-info/lib/libpebble.a(tmpHZgwt9pebble_os.o)
 .text.vibes_enqueue_custom_pattern
                0x0000000000000000        0xc /Users/joni/pebble-dev/pebble-owner-info/lib/libpebble.a(tmpHZgwt9pebble_os.o)
 .text.vibes_long_pulse
                0x0000000000000000        0xc /Users/joni/pebble-dev/pebble-owner-info/lib/libpebble.a(tmpHZgwt9pebble_os.o)
 .text.vibes_short_pulse
                0x0000000000000000        0xc /Users/joni/pebble-dev/pebble-owner-info/lib/libpebble.a(tmpHZgwt9pebble_os.o)
 .text.app_get_current_graphics_context
                0x0000000000000000        0xc /Users/joni/pebble-dev/pebble-owner-info/lib/libpebble.a(tmpHZgwt9pebble_os.o)
 .text.clock_is_24h_style
                0x0000000000000000        0xc /Users/joni/pebble-dev/pebble-owner-info/lib/libpebble.a(tmpHZgwt9pebble_os.o)
 .text.property_animation_init_layer_frame
                0x0000000000000000        0xc /Users/joni/pebble-dev/pebble-owner-info/lib/libpebble.a(tmpHZgwt9pebble_os.o)
 .text.graphics_text_draw
                0x0000000000000000        0xc /Users/joni/pebble-dev/pebble-owner-info/lib/libpebble.a(tmpHZgwt9pebble_os.o)
 .text.layer_set_bounds
                0x0000000000000000        0xc /Users/joni/pebble-dev/pebble-owner-info/lib/libpebble.a(tmpHZgwt9pebble_os.o)
 .text.layer_get_bounds
                0x0000000000000000        0xc /Users/joni/pebble-dev/pebble-owner-info/lib/libpebble.a(tmpHZgwt9pebble_os.o)
 .text.layer_set_update_proc
                0x0000000000000000        0xc /Users/joni/pebble-dev/pebble-owner-info/lib/libpebble.a(tmpHZgwt9pebble_os.o)
 .text.layer_get_window
                0x0000000000000000        0xc /Users/joni/pebble-dev/pebble-owner-info/lib/libpebble.a(tmpHZgwt9pebble_os.o)
 .text.layer_remove_child_layers
                0x0000000000000000        0xc /Users/joni/pebble-dev/pebble-owner-info/lib/libpebble.a(tmpHZgwt9pebble_os.o)
 .text.layer_insert_below_sibling
                0x0000000000000000        0xc /Users/joni/pebble-dev/pebble-owner-info/lib/libpebble.a(tmpHZgwt9pebble_os.o)
 .text.layer_insert_above_sibling
                0x0000000000000000        0xc /Users/joni/pebble-dev/pebble-owner-info/lib/libpebble.a(tmpHZgwt9pebble_os.o)
 .text.layer_get_hidden
                0x0000000000000000        0xc /Users/joni/pebble-dev/pebble-owner-info/lib/libpebble.a(tmpHZgwt9pebble_os.o)
 .text.layer_set_clips
                0x0000000000000000        0xc /Users/joni/pebble-dev/pebble-owner-info/lib/libpebble.a(tmpHZgwt9pebble_os.o)
 .text.layer_get_clips
                0x0000000000000000        0xc /Users/joni/pebble-dev/pebble-owner-info/lib/libpebble.a(tmpHZgwt9pebble_os.o)
 .text.text_layer_get_max_used_size
                0x0000000000000000        0xc /Users/joni/pebble-dev/pebble-owner-info/lib/libpebble.a(tmpHZgwt9pebble_os.o)
 .text.text_layer_set_size
                0x0000000000000000        0xc /Users/joni/pebble-dev/pebble-owner-info/lib/libpebble.a(tmpHZgwt9pebble_os.o)
 .text.text_layer_set_overflow_mode
                0x0000000000000000        0xc /Users/joni/pebble-dev/pebble-owner-info/lib/libpebble.a(tmpHZgwt9pebble_os.o)
 .text.graphics_text_layout_get_max_used_size
                0x0000000000000000        0xc /Users/joni/pebble-dev/pebble-owner-info/lib/libpebble.a(tmpHZgwt9pebble_os.o)
 .text.inverter_layer_init
                0x0000000000000000        0xc /Users/joni/pebble-dev/pebble-owner-info/lib/libpebble.a(tmpHZgwt9pebble_os.o)
 .text.bitmap_layer_init
                0x0000000000000000        0xc /Users/joni/pebble-dev/pebble-owner-info/lib/libpebble.a(tmpHZgwt9pebble_os.o)
 .text.bitmap_layer_set_bitmap
                0x0000000000000000        0xc /Users/joni/pebble-dev/pebble-owner-info/lib/libpebble.a(tmpHZgwt9pebble_os.o)
 .text.bitmap_layer_set_alignment
                0x0000000000000000        0xc /Users/joni/pebble-dev/pebble-owner-info/lib/libpebble.a(tmpHZgwt9pebble_os.o)
 .text.bitmap_layer_set_background_color
                0x0000000000000000        0xc /Users/joni/pebble-dev/pebble-owner-info/lib/libpebble.a(tmpHZgwt9pebble_os.o)
 .text.bitmap_layer_set_compositing_mode
                0x0000000000000000        0xc /Users/joni/pebble-dev/pebble-owner-info/lib/libpebble.a(tmpHZgwt9pebble_os.o)
 .text.heap_bitmap_init
                0x0000000000000000        0xc /Users/joni/pebble-dev/pebble-owner-info/lib/libpebble.a(tmpHZgwt9pebble_os.o)
 .text.heap_bitmap_deinit
                0x0000000000000000        0xc /Users/joni/pebble-dev/pebble-owner-info/lib/libpebble.a(tmpHZgwt9pebble_os.o)
 .text.click_recognizer_get_button_id
                0x0000000000000000        0xc /Users/joni/pebble-dev/pebble-owner-info/lib/libpebble.a(tmpHZgwt9pebble_os.o)
 .text.click_number_of_clicks_counted
                0x0000000000000000        0xc /Users/joni/pebble-dev/pebble-owner-info/lib/libpebble.a(tmpHZgwt9pebble_os.o)
 .text.menu_cell_basic_draw
                0x0000000000000000        0xc /Users/joni/pebble-dev/pebble-owner-info/lib/libpebble.a(tmpHZgwt9pebble_os.o)
 .text.menu_cell_title_draw
                0x0000000000000000        0xc /Users/joni/pebble-dev/pebble-owner-info/lib/libpebble.a(tmpHZgwt9pebble_os.o)
 .text.menu_cell_basic_header_draw
                0x0000000000000000        0xc /Users/joni/pebble-dev/pebble-owner-info/lib/libpebble.a(tmpHZgwt9pebble_os.o)
 .text.menu_layer_init
                0x0000000000000000        0xc /Users/joni/pebble-dev/pebble-owner-info/lib/libpebble.a(tmpHZgwt9pebble_os.o)
 .text.menu_layer_get_layer
                0x0000000000000000        0xc /Users/joni/pebble-dev/pebble-owner-info/lib/libpebble.a(tmpHZgwt9pebble_os.o)
 .text.menu_layer_set_callbacks
                0x0000000000000000        0xc /Users/joni/pebble-dev/pebble-owner-info/lib/libpebble.a(tmpHZgwt9pebble_os.o)
 .text.menu_layer_set_click_config_onto_window
                0x0000000000000000        0xc /Users/joni/pebble-dev/pebble-owner-info/lib/libpebble.a(tmpHZgwt9pebble_os.o)
 .text.menu_layer_set_selected_next
                0x0000000000000000        0xc /Users/joni/pebble-dev/pebble-owner-info/lib/libpebble.a(tmpHZgwt9pebble_os.o)
 .text.menu_layer_set_selected_index
                0x0000000000000000        0xc /Users/joni/pebble-dev/pebble-owner-info/lib/libpebble.a(tmpHZgwt9pebble_os.o)
 .text.menu_layer_reload_data
                0x0000000000000000        0xc /Users/joni/pebble-dev/pebble-owner-info/lib/libpebble.a(tmpHZgwt9pebble_os.o)
 .text.menu_index_compare
                0x0000000000000000        0xc /Users/joni/pebble-dev/pebble-owner-info/lib/libpebble.a(tmpHZgwt9pebble_os.o)
 .text.scroll_layer_init
                0x0000000000000000        0xc /Users/joni/pebble-dev/pebble-owner-info/lib/libpebble.a(tmpHZgwt9pebble_os.o)
 .text.scroll_layer_add_child
                0x0000000000000000        0xc /Users/joni/pebble-dev/pebble-owner-info/lib/libpebble.a(tmpHZgwt9pebble_os.o)
 .text.scroll_layer_set_click_config_onto_window
                0x0000000000000000        0xc /Users/joni/pebble-dev/pebble-owner-info/lib/libpebble.a(tmpHZgwt9pebble_os.o)
 .text.scroll_layer_set_callbacks
                0x0000000000000000        0xc /Users/joni/pebble-dev/pebble-owner-info/lib/libpebble.a(tmpHZgwt9pebble_os.o)
 .text.scroll_layer_set_context
                0x0000000000000000        0xc /Users/joni/pebble-dev/pebble-owner-info/lib/libpebble.a(tmpHZgwt9pebble_os.o)
 .text.scroll_layer_set_content_offset
                0x0000000000000000        0xc /Users/joni/pebble-dev/pebble-owner-info/lib/libpebble.a(tmpHZgwt9pebble_os.o)
 .text.scroll_layer_get_content_offset
                0x0000000000000000        0xc /Users/joni/pebble-dev/pebble-owner-info/lib/libpebble.a(tmpHZgwt9pebble_os.o)
 .text.scroll_layer_set_content_size
                0x0000000000000000        0xc /Users/joni/pebble-dev/pebble-owner-info/lib/libpebble.a(tmpHZgwt9pebble_os.o)
 .text.scroll_layer_get_content_size
                0x0000000000000000        0xc /Users/joni/pebble-dev/pebble-owner-info/lib/libpebble.a(tmpHZgwt9pebble_os.o)
 .text.scroll_layer_set_frame
                0x0000000000000000        0xc /Users/joni/pebble-dev/pebble-owner-info/lib/libpebble.a(tmpHZgwt9pebble_os.o)
 .text.scroll_layer_scroll_up_click_handler
                0x0000000000000000        0xc /Users/joni/pebble-dev/pebble-owner-info/lib/libpebble.a(tmpHZgwt9pebble_os.o)
 .text.scroll_layer_scroll_down_click_handler
                0x0000000000000000        0xc /Users/joni/pebble-dev/pebble-owner-info/lib/libpebble.a(tmpHZgwt9pebble_os.o)
 .text.simple_menu_layer_init
                0x0000000000000000        0xc /Users/joni/pebble-dev/pebble-owner-info/lib/libpebble.a(tmpHZgwt9pebble_os.o)
 .text.simple_menu_layer_get_layer
                0x0000000000000000        0xc /Users/joni/pebble-dev/pebble-owner-info/lib/libpebble.a(tmpHZgwt9pebble_os.o)
 .text.simple_menu_layer_get_selected_index
                0x0000000000000000        0xc /Users/joni/pebble-dev/pebble-owner-info/lib/libpebble.a(tmpHZgwt9pebble_os.o)
 .text.simple_menu_layer_set_selected_index
                0x0000000000000000        0xc /Users/joni/pebble-dev/pebble-owner-info/lib/libpebble.a(tmpHZgwt9pebble_os.o)
 .text.window_deinit
                0x0000000000000000        0xc /Users/joni/pebble-dev/pebble-owner-info/lib/libpebble.a(tmpHZgwt9pebble_os.o)
 .text.window_set_click_config_provider_with_context
                0x0000000000000000        0xc /Users/joni/pebble-dev/pebble-owner-info/lib/libpebble.a(tmpHZgwt9pebble_os.o)
 .text.window_get_click_config_provider
                0x0000000000000000        0xc /Users/joni/pebble-dev/pebble-owner-info/lib/libpebble.a(tmpHZgwt9pebble_os.o)
 .text.window_set_window_handlers
                0x0000000000000000        0xc /Users/joni/pebble-dev/pebble-owner-info/lib/libpebble.a(tmpHZgwt9pebble_os.o)
 .text.window_get_root_layer
                0x0000000000000000        0xc /Users/joni/pebble-dev/pebble-owner-info/lib/libpebble.a(tmpHZgwt9pebble_os.o)
 .text.window_get_fullscreen
                0x0000000000000000        0xc /Users/joni/pebble-dev/pebble-owner-info/lib/libpebble.a(tmpHZgwt9pebble_os.o)
 .text.window_set_status_bar_icon
                0x0000000000000000        0xc /Users/joni/pebble-dev/pebble-owner-info/lib/libpebble.a(tmpHZgwt9pebble_os.o)
 .text.window_is_loaded
                0x0000000000000000        0xc /Users/joni/pebble-dev/pebble-owner-info/lib/libpebble.a(tmpHZgwt9pebble_os.o)
 .text.window_stack_pop
                0x0000000000000000        0xc /Users/joni/pebble-dev/pebble-owner-info/lib/libpebble.a(tmpHZgwt9pebble_os.o)
 .text.window_stack_pop_all
                0x0000000000000000        0xc /Users/joni/pebble-dev/pebble-owner-info/lib/libpebble.a(tmpHZgwt9pebble_os.o)
 .text.window_stack_contains_window
                0x0000000000000000        0xc /Users/joni/pebble-dev/pebble-owner-info/lib/libpebble.a(tmpHZgwt9pebble_os.o)
 .text.window_stack_get_top_window
                0x0000000000000000        0xc /Users/joni/pebble-dev/pebble-owner-info/lib/libpebble.a(tmpHZgwt9pebble_os.o)
 .text.window_stack_remove
                0x0000000000000000        0xc /Users/joni/pebble-dev/pebble-owner-info/lib/libpebble.a(tmpHZgwt9pebble_os.o)
 .text.property_animation_init
                0x0000000000000000        0xc /Users/joni/pebble-dev/pebble-owner-info/lib/libpebble.a(tmpHZgwt9pebble_os.o)
 .text.property_animation_update_int16
                0x0000000000000000        0xc /Users/joni/pebble-dev/pebble-owner-info/lib/libpebble.a(tmpHZgwt9pebble_os.o)
 .text.property_animation_update_gpoint
                0x0000000000000000        0xc /Users/joni/pebble-dev/pebble-owner-info/lib/libpebble.a(tmpHZgwt9pebble_os.o)
 .text.property_animation_update_grect
                0x0000000000000000        0xc /Users/joni/pebble-dev/pebble-owner-info/lib/libpebble.a(tmpHZgwt9pebble_os.o)
 .text.app_message_register_callbacks
                0x0000000000000000        0xc /Users/joni/pebble-dev/pebble-owner-info/lib/libpebble.a(tmpHZgwt9pebble_os.o)
 .text.app_message_deregister_callbacks
                0x0000000000000000        0xc /Users/joni/pebble-dev/pebble-owner-info/lib/libpebble.a(tmpHZgwt9pebble_os.o)
 .text.app_message_out_get
                0x0000000000000000        0xc /Users/joni/pebble-dev/pebble-owner-info/lib/libpebble.a(tmpHZgwt9pebble_os.o)
 .text.app_message_out_send
                0x0000000000000000        0xc /Users/joni/pebble-dev/pebble-owner-info/lib/libpebble.a(tmpHZgwt9pebble_os.o)
 .text.app_message_out_release
                0x0000000000000000        0xc /Users/joni/pebble-dev/pebble-owner-info/lib/libpebble.a(tmpHZgwt9pebble_os.o)
 .text.app_sync_init
                0x0000000000000000        0xc /Users/joni/pebble-dev/pebble-owner-info/lib/libpebble.a(tmpHZgwt9pebble_os.o)
 .text.app_sync_deinit
                0x0000000000000000        0xc /Users/joni/pebble-dev/pebble-owner-info/lib/libpebble.a(tmpHZgwt9pebble_os.o)
 .text.app_sync_set
                0x0000000000000000        0xc /Users/joni/pebble-dev/pebble-owner-info/lib/libpebble.a(tmpHZgwt9pebble_os.o)
 .text.app_sync_get
                0x0000000000000000        0xc /Users/joni/pebble-dev/pebble-owner-info/lib/libpebble.a(tmpHZgwt9pebble_os.o)
 .text.dict_calc_buffer_size
                0x0000000000000000        0xc /Users/joni/pebble-dev/pebble-owner-info/lib/libpebble.a(tmpHZgwt9pebble_os.o)
 .text.dict_write_begin
                0x0000000000000000        0xc /Users/joni/pebble-dev/pebble-owner-info/lib/libpebble.a(tmpHZgwt9pebble_os.o)
 .text.dict_write_data
                0x0000000000000000        0xc /Users/joni/pebble-dev/pebble-owner-info/lib/libpebble.a(tmpHZgwt9pebble_os.o)
 .text.dict_write_cstring
                0x0000000000000000        0xc /Users/joni/pebble-dev/pebble-owner-info/lib/libpebble.a(tmpHZgwt9pebble_os.o)
 .text.dict_write_int
                0x0000000000000000        0xc /Users/joni/pebble-dev/pebble-owner-info/lib/libpebble.a(tmpHZgwt9pebble_os.o)
 .text.dict_write_uint8
                0x0000000000000000        0xc /Users/joni/pebble-dev/pebble-owner-info/lib/libpebble.a(tmpHZgwt9pebble_os.o)
 .text.dict_write_uint16
                0x0000000000000000        0xc /Users/joni/pebble-dev/pebble-owner-info/lib/libpebble.a(tmpHZgwt9pebble_os.o)
 .text.dict_write_uint32
                0x0000000000000000        0xc /Users/joni/pebble-dev/pebble-owner-info/lib/libpebble.a(tmpHZgwt9pebble_os.o)
 .text.dict_write_int8
                0x0000000000000000        0xc /Users/joni/pebble-dev/pebble-owner-info/lib/libpebble.a(tmpHZgwt9pebble_os.o)
 .text.dict_write_int16
                0x0000000000000000        0xc /Users/joni/pebble-dev/pebble-owner-info/lib/libpebble.a(tmpHZgwt9pebble_os.o)
 .text.dict_write_int32
                0x0000000000000000        0xc /Users/joni/pebble-dev/pebble-owner-info/lib/libpebble.a(tmpHZgwt9pebble_os.o)
 .text.dict_write_end
                0x0000000000000000        0xc /Users/joni/pebble-dev/pebble-owner-info/lib/libpebble.a(tmpHZgwt9pebble_os.o)
 .text.dict_read_begin_from_buffer
                0x0000000000000000        0xc /Users/joni/pebble-dev/pebble-owner-info/lib/libpebble.a(tmpHZgwt9pebble_os.o)
 .text.dict_read_next
                0x0000000000000000        0xc /Users/joni/pebble-dev/pebble-owner-info/lib/libpebble.a(tmpHZgwt9pebble_os.o)
 .text.dict_read_first
                0x0000000000000000        0xc /Users/joni/pebble-dev/pebble-owner-info/lib/libpebble.a(tmpHZgwt9pebble_os.o)
 .text.dict_serialize_tuplets
                0x0000000000000000        0xc /Users/joni/pebble-dev/pebble-owner-info/lib/libpebble.a(tmpHZgwt9pebble_os.o)
 .text.dict_serialize_tuplets_to_buffer
                0x0000000000000000        0xc /Users/joni/pebble-dev/pebble-owner-info/lib/libpebble.a(tmpHZgwt9pebble_os.o)
 .text.dict_serialize_tuplets_to_buffer_with_iter
                0x0000000000000000        0xc /Users/joni/pebble-dev/pebble-owner-info/lib/libpebble.a(tmpHZgwt9pebble_os.o)
 .text.dict_write_tuplet
                0x0000000000000000        0xc /Users/joni/pebble-dev/pebble-owner-info/lib/libpebble.a(tmpHZgwt9pebble_os.o)
 .text.dict_calc_buffer_size_from_tuplets
                0x0000000000000000        0xc /Users/joni/pebble-dev/pebble-owner-info/lib/libpebble.a(tmpHZgwt9pebble_os.o)
 .text.dict_merge
                0x0000000000000000        0xc /Users/joni/pebble-dev/pebble-owner-info/lib/libpebble.a(tmpHZgwt9pebble_os.o)
 .text.dict_find
                0x0000000000000000        0xc /Users/joni/pebble-dev/pebble-owner-info/lib/libpebble.a(tmpHZgwt9pebble_os.o)
 .text.action_bar_layer_init
                0x0000000000000000        0xc /Users/joni/pebble-dev/pebble-owner-info/lib/libpebble.a(tmpHZgwt9pebble_os.o)
 .text.action_bar_layer_set_context
                0x0000000000000000        0xc /Users/joni/pebble-dev/pebble-owner-info/lib/libpebble.a(tmpHZgwt9pebble_os.o)
 .text.action_bar_layer_set_click_config_provider
                0x0000000000000000        0xc /Users/joni/pebble-dev/pebble-owner-info/lib/libpebble.a(tmpHZgwt9pebble_os.o)
 .text.action_bar_layer_set_icon
                0x0000000000000000        0xc /Users/joni/pebble-dev/pebble-owner-info/lib/libpebble.a(tmpHZgwt9pebble_os.o)
 .text.action_bar_layer_clear_icon
                0x0000000000000000        0xc /Users/joni/pebble-dev/pebble-owner-info/lib/libpebble.a(tmpHZgwt9pebble_os.o)
 .text.action_bar_layer_add_to_window
                0x0000000000000000        0xc /Users/joni/pebble-dev/pebble-owner-info/lib/libpebble.a(tmpHZgwt9pebble_os.o)
 .text.action_bar_layer_remove_from_window
                0x0000000000000000        0xc /Users/joni/pebble-dev/pebble-owner-info/lib/libpebble.a(tmpHZgwt9pebble_os.o)
 .text.action_bar_layer_set_background_color
                0x0000000000000000        0xc /Users/joni/pebble-dev/pebble-owner-info/lib/libpebble.a(tmpHZgwt9pebble_os.o)
 .text.number_window_init
                0x0000000000000000        0xc /Users/joni/pebble-dev/pebble-owner-info/lib/libpebble.a(tmpHZgwt9pebble_os.o)
 .text.number_window_set_label
                0x0000000000000000        0xc /Users/joni/pebble-dev/pebble-owner-info/lib/libpebble.a(tmpHZgwt9pebble_os.o)
 .text.number_window_set_max
                0x0000000000000000        0xc /Users/joni/pebble-dev/pebble-owner-info/lib/libpebble.a(tmpHZgwt9pebble_os.o)
 .text.number_window_set_min
                0x0000000000000000        0xc /Users/joni/pebble-dev/pebble-owner-info/lib/libpebble.a(tmpHZgwt9pebble_os.o)
 .text.number_window_set_value
                0x0000000000000000        0xc /Users/joni/pebble-dev/pebble-owner-info/lib/libpebble.a(tmpHZgwt9pebble_os.o)
 .text.number_window_set_step_size
                0x0000000000000000        0xc /Users/joni/pebble-dev/pebble-owner-info/lib/libpebble.a(tmpHZgwt9pebble_os.o)
 .text.number_window_get_value
                0x0000000000000000        0xc /Users/joni/pebble-dev/pebble-owner-info/lib/libpebble.a(tmpHZgwt9pebble_os.o)
 .text.clock_copy_time_string
                0x0000000000000000        0xc /Users/joni/pebble-dev/pebble-owner-info/lib/libpebble.a(tmpHZgwt9pebble_os.o)
 .text.gbitmap_init_as_sub_bitmap
                0x0000000000000000        0xc /Users/joni/pebble-dev/pebble-owner-info/lib/libpebble.a(tmpHZgwt9pebble_os.o)
 .text.gbitmap_init_with_data
                0x0000000000000000        0xc /Users/joni/pebble-dev/pebble-owner-info/lib/libpebble.a(tmpHZgwt9pebble_os.o)
 .text.app_comm_set_sniff_interval
                0x0000000000000000        0xc /Users/joni/pebble-dev/pebble-owner-info/lib/libpebble.a(tmpHZgwt9pebble_os.o)
 .text.app_log  0x0000000000000000        0xc /Users/joni/pebble-dev/pebble-owner-info/lib/libpebble.a(tmpHZgwt9pebble_os.o)
 .text.graphics_draw_rect
                0x0000000000000000        0xc /Users/joni/pebble-dev/pebble-owner-info/lib/libpebble.a(tmpHZgwt9pebble_os.o)
 .text.vibes_cancel
                0x0000000000000000        0xc /Users/joni/pebble-dev/pebble-owner-info/lib/libpebble.a(tmpHZgwt9pebble_os.o)
 .text.menu_layer_get_selected_index
                0x0000000000000000        0xc /Users/joni/pebble-dev/pebble-owner-info/lib/libpebble.a(tmpHZgwt9pebble_os.o)
 .text.gpoint_equal
                0x0000000000000000        0xc /Users/joni/pebble-dev/pebble-owner-info/lib/libpebble.a(tmpHZgwt9pebble_os.o)
 .text.grect_contains_point
                0x0000000000000000        0xc /Users/joni/pebble-dev/pebble-owner-info/lib/libpebble.a(tmpHZgwt9pebble_os.o)
 .text.grect_align
                0x0000000000000000        0xc /Users/joni/pebble-dev/pebble-owner-info/lib/libpebble.a(tmpHZgwt9pebble_os.o)
 .text.grect_clip
                0x0000000000000000        0xc /Users/joni/pebble-dev/pebble-owner-info/lib/libpebble.a(tmpHZgwt9pebble_os.o)
 .text.grect_crop
                0x0000000000000000        0xc /Users/joni/pebble-dev/pebble-owner-info/lib/libpebble.a(tmpHZgwt9pebble_os.o)
 .text.grect_equal
                0x0000000000000000        0xc /Users/joni/pebble-dev/pebble-owner-info/lib/libpebble.a(tmpHZgwt9pebble_os.o)
 .text.grect_is_empty
                0x0000000000000000        0xc /Users/joni/pebble-dev/pebble-owner-info/lib/libpebble.a(tmpHZgwt9pebble_os.o)
 .text.grect_standardize
                0x0000000000000000        0xc /Users/joni/pebble-dev/pebble-owner-info/lib/libpebble.a(tmpHZgwt9pebble_os.o)
 .text.gsize_equal
                0x0000000000000000        0xc /Users/joni/pebble-dev/pebble-owner-info/lib/libpebble.a(tmpHZgwt9pebble_os.o)
 .text.rand     0x0000000000000000        0xc /Users/joni/pebble-dev/pebble-owner-info/lib/libpebble.a(tmpHZgwt9pebble_os.o)
 .text.srand    0x0000000000000000        0xc /Users/joni/pebble-dev/pebble-owner-info/lib/libpebble.a(tmpHZgwt9pebble_os.o)
 .text.snprintf
                0x0000000000000000        0xc /Users/joni/pebble-dev/pebble-owner-info/lib/libpebble.a(tmpHZgwt9pebble_os.o)
 .text.strcmp   0x0000000000000000        0xc /Users/joni/pebble-dev/pebble-owner-info/lib/libpebble.a(tmpHZgwt9pebble_os.o)
 .text.strncmp  0x0000000000000000        0xc /Users/joni/pebble-dev/pebble-owner-info/lib/libpebble.a(tmpHZgwt9pebble_os.o)
 .text.strcpy   0x0000000000000000        0xc /Users/joni/pebble-dev/pebble-owner-info/lib/libpebble.a(tmpHZgwt9pebble_os.o)
 .text.strncpy  0x0000000000000000        0xc /Users/joni/pebble-dev/pebble-owner-info/lib/libpebble.a(tmpHZgwt9pebble_os.o)
 .text.strcat   0x0000000000000000        0xc /Users/joni/pebble-dev/pebble-owner-info/lib/libpebble.a(tmpHZgwt9pebble_os.o)
 .text.strncat  0x0000000000000000        0xc /Users/joni/pebble-dev/pebble-owner-info/lib/libpebble.a(tmpHZgwt9pebble_os.o)
 .text.strlen   0x0000000000000000        0xc /Users/joni/pebble-dev/pebble-owner-info/lib/libpebble.a(tmpHZgwt9pebble_os.o)
 .text.memcpy   0x0000000000000000        0xc /Users/joni/pebble-dev/pebble-owner-info/lib/libpebble.a(tmpHZgwt9pebble_os.o)
 .text.memmove  0x0000000000000000        0xc /Users/joni/pebble-dev/pebble-owner-info/lib/libpebble.a(tmpHZgwt9pebble_os.o)
 .text.time     0x0000000000000000        0xc /Users/joni/pebble-dev/pebble-owner-info/lib/libpebble.a(tmpHZgwt9pebble_os.o)
 .text.time_ms  0x0000000000000000        0xc /Users/joni/pebble-dev/pebble-owner-info/lib/libpebble.a(tmpHZgwt9pebble_os.o)
 .text          0x0000000000000000        0x0 /Users/joni/pebble-dev/arm-cs-tools/bin/../lib/gcc/arm-none-eabi/4.6.3/thumb2/crtend.o
 .bss           0x0000000000000000        0x0 /Users/joni/pebble-dev/arm-cs-tools/bin/../lib/gcc/arm-none-eabi/4.6.3/thumb2/crtend.o
 .eh_frame      0x0000000000000000        0x4 /Users/joni/pebble-dev/arm-cs-tools/bin/../lib/gcc/arm-none-eabi/4.6.3/thumb2/crtend.o
 .jcr           0x0000000000000000        0x4 /Users/joni/pebble-dev/arm-cs-tools/bin/../lib/gcc/arm-none-eabi/4.6.3/thumb2/crtend.o
 .text          0x0000000000000000        0x0 /Users/joni/pebble-dev/arm-cs-tools/bin/../lib/gcc/arm-none-eabi/4.6.3/thumb2/crtn.o
 .bss           0x0000000000000000        0x0 /Users/joni/pebble-dev/arm-cs-tools/bin/../lib/gcc/arm-none-eabi/4.6.3/thumb2/crtn.o
 .init          0x0000000000000000        0x8 /Users/joni/pebble-dev/arm-cs-tools/bin/../lib/gcc/arm-none-eabi/4.6.3/thumb2/crtn.o
 .fini          0x0000000000000000        0x8 /Users/joni/pebble-dev/arm-cs-tools/bin/../lib/gcc/arm-none-eabi/4.6.3/thumb2/crtn.o

Memory Configuration

Name             Origin             Length             Attributes
APP              0x0000000000000000 0x0000000000006000 xrw
*default*        0x0000000000000000 0xffffffffffffffff

Linker script and memory map

LOAD /Users/joni/pebble-dev/arm-cs-tools/bin/../lib/gcc/arm-none-eabi/4.6.3/thumb2/crti.o
LOAD /Users/joni/pebble-dev/arm-cs-tools/bin/../lib/gcc/arm-none-eabi/4.6.3/thumb2/crtbegin.o
LOAD src/pebble_owner_info.c.1.o
LOAD /Users/joni/pebble-dev/pebble-owner-info/lib/libpebble.a
START GROUP
LOAD /Users/joni/pebble-dev/arm-cs-tools/bin/../lib/gcc/arm-none-eabi/4.6.3/thumb2/libgcc.a
LOAD /Users/joni/pebble-dev/arm-cs-tools/bin/../lib/gcc/arm-none-eabi/4.6.3/../../../../arm-none-eabi/lib/thumb2/libc.a
END GROUP
LOAD /Users/joni/pebble-dev/arm-cs-tools/bin/../lib/gcc/arm-none-eabi/4.6.3/thumb2/crtend.o
LOAD /Users/joni/pebble-dev/arm-cs-tools/bin/../lib/gcc/arm-none-eabi/4.6.3/thumb2/crtn.o

.header         0x0000000000000000       0x7c
 *(.pbl_header)
 .pbl_header    0x0000000000000000       0x7c src/pebble_owner_info.c.1.o
                0x0000000000000000                __pbl_app_info

.rodata         0x000000000000007c       0x20
 .rodata        0x000000000000007c       0x20 src/pebble_owner_info.c.1.o

.rodata.VERSION
                0x000000000000009c       0x18
 .rodata.VERSION
                0x000000000000009c       0x18 src/pebble_owner_info.c.1.o

.rodata.str1.1  0x00000000000000b4       0x8c
 .rodata.str1.1
                0x00000000000000b4       0x8c src/pebble_owner_info.c.1.o

.text           0x0000000000000140       0x14
 *(.text)
 .text          0x0000000000000140       0x14 /Users/joni/pebble-dev/pebble-owner-info/lib/libpebble.a(tmpHZgwt9pebble_os.o)

.glue_7         0x0000000000000154        0x0
 .glue_7        0x0000000000000000        0x0 linker stubs

.glue_7t        0x0000000000000154        0x0
 .glue_7t       0x0000000000000000        0x0 linker stubs

.vfp11_veneer   0x0000000000000154        0x0
 .vfp11_veneer  0x0000000000000000        0x0 linker stubs

.v4_bx          0x0000000000000154        0x0
 .v4_bx         0x0000000000000000        0x0 linker stubs

.iplt           0x0000000000000154        0x0
 .iplt          0x0000000000000000        0x0 /Users/joni/pebble-dev/arm-cs-tools/bin/../lib/gcc/arm-none-eabi/4.6.3/thumb2/crti.o

.text.contact_layer_update_callback
                0x0000000000000154        0x2
 .text.contact_layer_update_callback
                0x0000000000000154        0x2 src/pebble_owner_info.c.1.o
                0x0000000000000154                contact_layer_update_callback

.text.click_config_provider
                0x0000000000000158       0x1c
 .text.click_config_provider
                0x0000000000000158       0x1c src/pebble_owner_info.c.1.o
                0x0000000000000158                click_config_provider

.text.handle_deinit
                0x0000000000000174       0x14
 .text.handle_deinit
                0x0000000000000174       0x14 src/pebble_owner_info.c.1.o
                0x0000000000000174                handle_deinit

.text.clickHandlerLong
                0x0000000000000188       0x40
 .text.clickHandlerLong
                0x0000000000000188       0x40 src/pebble_owner_info.c.1.o
                0x0000000000000188                clickHandlerLong

.text.clickHandlerShort
                0x00000000000001c8       0x40
 .text.clickHandlerShort
                0x00000000000001c8       0x40 src/pebble_owner_info.c.1.o
                0x00000000000001c8                clickHandlerShort

.text.handle_init
                0x0000000000000208      0x1f4
 .text.handle_init
                0x0000000000000208      0x1f4 src/pebble_owner_info.c.1.o
                0x0000000000000208                handle_init

.text.layer_update_callback
                0x00000000000003fc       0x50
 .text.layer_update_callback
                0x00000000000003fc       0x50 src/pebble_owner_info.c.1.o
                0x00000000000003fc                layer_update_callback

.text.pbl_main  0x000000000000044c       0x30
 .text.pbl_main
                0x000000000000044c       0x30 src/pebble_owner_info.c.1.o
                0x000000000000044c                pbl_main

.text.app_event_loop
                0x000000000000047c        0xc
 .text.app_event_loop
                0x000000000000047c        0xc /Users/joni/pebble-dev/pebble-owner-info/lib/libpebble.a(tmpHZgwt9pebble_os.o)
                0x000000000000047c                app_event_loop

.text.bmp_init_container
                0x0000000000000488        0xc
 .text.bmp_init_container
                0x0000000000000488        0xc /Users/joni/pebble-dev/pebble-owner-info/lib/libpebble.a(tmpHZgwt9pebble_os.o)
                0x0000000000000488                bmp_init_container

.text.bmp_deinit_container
                0x0000000000000494        0xc
 .text.bmp_deinit_container
                0x0000000000000494        0xc /Users/joni/pebble-dev/pebble-owner-info/lib/libpebble.a(tmpHZgwt9pebble_os.o)
                0x0000000000000494                bmp_deinit_container

.text.fonts_get_system_font
                0x00000000000004a0        0xc
 .text.fonts_get_system_font
                0x00000000000004a0        0xc /Users/joni/pebble-dev/pebble-owner-info/lib/libpebble.a(tmpHZgwt9pebble_os.o)
                0x00000000000004a0                fonts_get_system_font

.text.layer_add_child
                0x00000000000004ac        0xc
 .text.layer_add_child
                0x00000000000004ac        0xc /Users/joni/pebble-dev/pebble-owner-info/lib/libpebble.a(tmpHZgwt9pebble_os.o)
                0x00000000000004ac                layer_add_child

.text.layer_get_frame
                0x00000000000004b8        0xc
 .text.layer_get_frame
                0x00000000000004b8        0xc /Users/joni/pebble-dev/pebble-owner-info/lib/libpebble.a(tmpHZgwt9pebble_os.o)
                0x00000000000004b8                layer_get_frame

.text.layer_set_hidden
                0x00000000000004c4        0xc
 .text.layer_set_hidden
                0x00000000000004c4        0xc /Users/joni/pebble-dev/pebble-owner-info/lib/libpebble.a(tmpHZgwt9pebble_os.o)
                0x00000000000004c4                layer_set_hidden

.text.layer_init
                0x00000000000004d0        0xc
 .text.layer_init
                0x00000000000004d0        0xc /Users/joni/pebble-dev/pebble-owner-info/lib/libpebble.a(tmpHZgwt9pebble_os.o)
                0x00000000000004d0                layer_init

.text.resource_init_current_app
                0x00000000000004dc        0xc
 .text.resource_init_current_app
                0x00000000000004dc        0xc /Users/joni/pebble-dev/pebble-owner-info/lib/libpebble.a(tmpHZgwt9pebble_os.o)
                0x00000000000004dc                resource_init_current_app

.text.window_init
                0x00000000000004e8        0xc
 .text.window_init
                0x00000000000004e8        0xc /Users/joni/pebble-dev/pebble-owner-info/lib/libpebble.a(tmpHZgwt9pebble_os.o)
                0x00000000000004e8                window_init

.text.window_stack_push
                0x00000000000004f4        0xc
 .text.window_stack_push
                0x00000000000004f4        0xc /Users/joni/pebble-dev/pebble-owner-info/lib/libpebble.a(tmpHZgwt9pebble_os.o)
                0x00000000000004f4                window_stack_push

.text.window_set_click_config_provider
                0x0000000000000500        0xc
 .text.window_set_click_config_provider
                0x0000000000000500        0xc /Users/joni/pebble-dev/pebble-owner-info/lib/libpebble.a(tmpHZgwt9pebble_os.o)
                0x0000000000000500                window_set_click_config_provider

.text.text_layer_init
                0x000000000000050c        0xc
 .text.text_layer_init
                0x000000000000050c        0xc /Users/joni/pebble-dev/pebble-owner-info/lib/libpebble.a(tmpHZgwt9pebble_os.o)
                0x000000000000050c                text_layer_init

.text.text_layer_set_text
                0x0000000000000518        0xc
 .text.text_layer_set_text
                0x0000000000000518        0xc /Users/joni/pebble-dev/pebble-owner-info/lib/libpebble.a(tmpHZgwt9pebble_os.o)
                0x0000000000000518                text_layer_set_text

.text.text_layer_set_font
                0x0000000000000524        0xc
 .text.text_layer_set_font
                0x0000000000000524        0xc /Users/joni/pebble-dev/pebble-owner-info/lib/libpebble.a(tmpHZgwt9pebble_os.o)
                0x0000000000000524                text_layer_set_font

.text.text_layer_set_text_alignment
                0x0000000000000530        0xc
 .text.text_layer_set_text_alignment
                0x0000000000000530        0xc /Users/joni/pebble-dev/pebble-owner-info/lib/libpebble.a(tmpHZgwt9pebble_os.o)
                0x0000000000000530                text_layer_set_text_alignment

.text.graphics_draw_bitmap_in_rect
                0x000000000000053c        0xc
 .text.graphics_draw_bitmap_in_rect
                0x000000000000053c        0xc /Users/joni/pebble-dev/pebble-owner-info/lib/libpebble.a(tmpHZgwt9pebble_os.o)
                0x000000000000053c                graphics_draw_bitmap_in_rect

.text.memset    0x0000000000000548        0xc
 .text.memset   0x0000000000000548        0xc /Users/joni/pebble-dev/pebble-owner-info/lib/libpebble.a(tmpHZgwt9pebble_os.o)
                0x0000000000000548                memset

.rel.dyn        0x0000000000000554        0x0
 .rel.iplt      0x0000000000000000        0x0 /Users/joni/pebble-dev/arm-cs-tools/bin/../lib/gcc/arm-none-eabi/4.6.3/thumb2/crti.o
 .rel.got       0x0000000000000000        0x0 /Users/joni/pebble-dev/arm-cs-tools/bin/../lib/gcc/arm-none-eabi/4.6.3/thumb2/crti.o

.data           0x0000000000000554        0x4
 *(.data)
 .data          0x0000000000000554        0x0 /Users/joni/pebble-dev/arm-cs-tools/bin/../lib/gcc/arm-none-eabi/4.6.3/thumb2/crti.o
 .data          0x0000000000000554        0x4 /Users/joni/pebble-dev/arm-cs-tools/bin/../lib/gcc/arm-none-eabi/4.6.3/thumb2/crtbegin.o
                0x0000000000000554                __dso_handle
 .data          0x0000000000000558        0x0 src/pebble_owner_info.c.1.o
 .data          0x0000000000000558        0x0 /Users/joni/pebble-dev/pebble-owner-info/lib/libpebble.a(tmpHZgwt9pebble_os.o)
 .data          0x0000000000000558        0x0 /Users/joni/pebble-dev/arm-cs-tools/bin/../lib/gcc/arm-none-eabi/4.6.3/thumb2/crtend.o
 .data          0x0000000000000558        0x0 /Users/joni/pebble-dev/arm-cs-tools/bin/../lib/gcc/arm-none-eabi/4.6.3/thumb2/crtn.o

.igot.plt       0x0000000000000558        0x0
 .igot.plt      0x0000000000000000        0x0 /Users/joni/pebble-dev/arm-cs-tools/bin/../lib/gcc/arm-none-eabi/4.6.3/thumb2/crti.o

.got            0x0000000000000558       0x20
 .got           0x0000000000000558       0x20 /Users/joni/pebble-dev/arm-cs-tools/bin/../lib/gcc/arm-none-eabi/4.6.3/thumb2/crti.o

.got.plt        0x0000000000000578        0xc
 .got.plt       0x0000000000000578        0xc /Users/joni/pebble-dev/arm-cs-tools/bin/../lib/gcc/arm-none-eabi/4.6.3/thumb2/crti.o
                0x0000000000000578                _GLOBAL_OFFSET_TABLE_

.bss            0x0000000000000584      0x1cc
 *(.bss)
 COMMON         0x0000000000000584      0x1cc src/pebble_owner_info.c.1.o
                0x0000000000000584                image
                0x00000000000005c8                layer_contact_info
                0x00000000000005f0                layer_company
                0x0000000000000628                QR_layer
                0x0000000000000650                layer_contact
                0x0000000000000688                layer_name
                0x00000000000006c0                window
                0x0000000000000718                layer_button

DISCARD
 libc.a(*)
 libm.a(*)
 libgcc.a(*)
 *(.eh_frame)
OUTPUT(/Users/joni/pebble-dev/pebble-owner-info/build/pebble-app.elf elf32-littlearm)

.ARM.attributes
                0x0000000000000000       0x27
 .ARM.attributes
                0x0000000000000000       0x1b /Users/joni/pebble-dev/arm-cs-tools/bin/../lib/gcc/arm-none-eabi/4.6.3/thumb2/crti.o
 .ARM.attributes
                0x000000000000001b       0x2b /Users/joni/pebble-dev/arm-cs-tools/bin/../lib/gcc/arm-none-eabi/4.6.3/thumb2/crtbegin.o
 .ARM.attributes
                0x0000000000000046       0x33 src/pebble_owner_info.c.1.o
 .ARM.attributes
                0x0000000000000079       0x21 /Users/joni/pebble-dev/pebble-owner-info/lib/libpebble.a(tmpHZgwt9pebble_os.o)
 .ARM.attributes
                0x000000000000009a       0x2b /Users/joni/pebble-dev/arm-cs-tools/bin/../lib/gcc/arm-none-eabi/4.6.3/thumb2/crtend.o
 .ARM.attributes
                0x00000000000000c5       0x1b /Users/joni/pebble-dev/arm-cs-tools/bin/../lib/gcc/arm-none-eabi/4.6.3/thumb2/crtn.o

.comment        0x0000000000000000       0x4e
 .comment       0x0000000000000000       0x4e /Users/joni/pebble-dev/arm-cs-tools/bin/../lib/gcc/arm-none-eabi/4.6.3/thumb2/crtbegin.o
                                         0x4f (size before relaxing)
 .comment       0x0000000000000000       0x4f src/pebble_owner_info.c.1.o
 .comment       0x0000000000000000       0x4f /Users/joni/pebble-dev/arm-cs-tools/bin/../lib/gcc/arm-none-eabi/4.6.3/thumb2/crtend.o

.debug_line     0x0000000000000000      0x30e
 .debug_line    0x0000000000000000       0x71 /Users/joni/pebble-dev/arm-cs-tools/bin/../lib/gcc/arm-none-eabi/4.6.3/thumb2/crti.o
 .debug_line    0x0000000000000071      0x228 src/pebble_owner_info.c.1.o
 .debug_line    0x0000000000000299       0x75 /Users/joni/pebble-dev/arm-cs-tools/bin/../lib/gcc/arm-none-eabi/4.6.3/thumb2/crtn.o

.debug_info     0x0000000000000000     0x1659
 .debug_info    0x0000000000000000       0xb2 /Users/joni/pebble-dev/arm-cs-tools/bin/../lib/gcc/arm-none-eabi/4.6.3/thumb2/crti.o
 .debug_info    0x00000000000000b2     0x14f5 src/pebble_owner_info.c.1.o
 .debug_info    0x00000000000015a7       0xb2 /Users/joni/pebble-dev/arm-cs-tools/bin/../lib/gcc/arm-none-eabi/4.6.3/thumb2/crtn.o

.debug_abbrev   0x0000000000000000      0x257
 .debug_abbrev  0x0000000000000000       0x12 /Users/joni/pebble-dev/arm-cs-tools/bin/../lib/gcc/arm-none-eabi/4.6.3/thumb2/crti.o
 .debug_abbrev  0x0000000000000012      0x233 src/pebble_owner_info.c.1.o
 .debug_abbrev  0x0000000000000245       0x12 /Users/joni/pebble-dev/arm-cs-tools/bin/../lib/gcc/arm-none-eabi/4.6.3/thumb2/crtn.o

.debug_aranges  0x0000000000000000       0xa8
 .debug_aranges
                0x0000000000000000       0x28 /Users/joni/pebble-dev/arm-cs-tools/bin/../lib/gcc/arm-none-eabi/4.6.3/thumb2/crti.o
 .debug_aranges
                0x0000000000000028       0x58 src/pebble_owner_info.c.1.o
 .debug_aranges
                0x0000000000000080       0x28 /Users/joni/pebble-dev/arm-cs-tools/bin/../lib/gcc/arm-none-eabi/4.6.3/thumb2/crtn.o

.debug_ranges   0x0000000000000000       0x88
 .debug_ranges  0x0000000000000000       0x20 /Users/joni/pebble-dev/arm-cs-tools/bin/../lib/gcc/arm-none-eabi/4.6.3/thumb2/crti.o
 .debug_ranges  0x0000000000000020       0x48 src/pebble_owner_info.c.1.o
 .debug_ranges  0x0000000000000068       0x20 /Users/joni/pebble-dev/arm-cs-tools/bin/../lib/gcc/arm-none-eabi/4.6.3/thumb2/crtn.o

.debug_loc      0x0000000000000000      0x18e
 .debug_loc     0x0000000000000000      0x18e src/pebble_owner_info.c.1.o

.debug_str      0x0000000000000000      0xd93
 .debug_str     0x0000000000000000      0xd93 src/pebble_owner_info.c.1.o
                                        0xe8c (size before relaxing)

.debug_frame    0x0000000000000000       0xd0
 .debug_frame   0x0000000000000000       0xd0 src/pebble_owner_info.c.1.o
